// Jest Snapshot v1, https://goo.gl/fbAQLP

exports[`<SignIn /> render should be match markup 1`] = `
<div
  className="sign-in user-page__content"
>
  <form
    action="#"
    className="sign-in__form"
    onSubmit={[Function]}
  >
    <div
      className="sign-in__fields"
    >
      <div
        className="sign-in__field"
      >
        <input
          className="sign-in__input"
          defaultValue="test@test.com"
          id="user-email"
          name="user-email"
          placeholder="Email address"
          type="email"
        />
        <label
          className="sign-in__label visually-hidden"
          htmlFor="user-email"
        />
      </div>
      <div
        className="sign-in__field"
      >
        <input
          className="sign-in__input"
          defaultValue="1"
          id="user-password"
          name="user-password"
          placeholder="Password"
          type="password"
        />
        <label
          className="sign-in__label visually-hidden"
          htmlFor="user-password"
        >
          1
        </label>
      </div>
    </div>
    <div
      className="sign-in__submit"
    >
      <button
        className="sign-in__btn"
        type="submit"
      >
        Sign in
      </button>
    </div>
  </form>
</div>
`;
